*** Using Compiler 'V5.06 update 5 (build 528)', folder: 'D:\keil5\ARM\ARMCC\Bin'
Build target '25_R2_leg'
compiling robstride.c...
..\bas\robstride.h(91): warning:  #1-D: last line of file ends without a newline
  #endif /* __ROBSTRIDE_H */
..\bas\robstride.c(201): warning:  #1-D: last line of file ends without a newline
  }
..\bas\robstride.c: 2 warnings, 0 errors
compiling arm_control.c...
../bas/mit_motor.h(89): warning:  #1-D: last line of file ends without a newline
  #endif /* __MIT_MOTOR_H */
../bas/robstride.h(91): warning:  #1-D: last line of file ends without a newline
  #endif /* __ROBSTRIDE_H */
..\user\arm_control.c: 2 warnings, 0 errors
compiling motor_app.c...
../bas/mit_motor.h(89): warning:  #1-D: last line of file ends without a newline
  #endif /* __MIT_MOTOR_H */
../bas/robstride.h(91): warning:  #1-D: last line of file ends without a newline
  #endif /* __ROBSTRIDE_H */
..\user\motor_app.c(278): warning:  #1-D: last line of file ends without a newline
  }
..\user\motor_app.c: 3 warnings, 0 errors
compiling mit_motor.c...
..\bas\mit_motor.h(89): warning:  #1-D: last line of file ends without a newline
  #endif /* __MIT_MOTOR_H */
..\bas\mit_motor.c(182): warning:  #1-D: last line of file ends without a newline
  }
..\bas\mit_motor.c: 2 warnings, 0 errors
compiling fdcan_drv.c...
linking...
Program Size: Code=17776 RO-data=856 RW-data=112 ZI-data=2608  
FromELF: creating hex file...
"25_R2_leg\25_R2_leg.axf" - 0 Error(s), 9 Warning(s).
Build Time Elapsed:  00:00:19
