*** Using Compiler 'V5.06 update 5 (build 528)', folder: 'D:\keil5\ARM\ARMCC\Bin'
Build target '25_R2_leg'
compiling motor_app.c...
../bas/fdcan_drv.h(66): warning:  #1-D: last line of file ends without a newline
  #endif /* __FDCAN_DRV_H */
../bas/mit_motor.h(89): warning:  #1-D: last line of file ends without a newline
  #endif /* __MIT_MOTOR_H */
../bas/robstride.h(91): warning:  #1-D: last line of file ends without a newline
  #endif /* __ROBSTRIDE_H */
..\user\motor_app.c(278): warning:  #1-D: last line of file ends without a newline
  }
..\user\motor_app.c: 4 warnings, 0 errors
compiling robstride.c...
..\bas\robstride.h(91): warning:  #1-D: last line of file ends without a newline
  #endif /* __ROBSTRIDE_H */
..\bas\fdcan_drv.h(66): warning:  #1-D: last line of file ends without a newline
  #endif /* __FDCAN_DRV_H */
..\bas\robstride.c(201): warning:  #1-D: last line of file ends without a newline
  }
..\bas\robstride.c: 3 warnings, 0 errors
compiling mit_motor.c...
..\bas\mit_motor.h(89): warning:  #1-D: last line of file ends without a newline
  #endif /* __MIT_MOTOR_H */
..\bas\fdcan_drv.h(66): warning:  #1-D: last line of file ends without a newline
  #endif /* __FDCAN_DRV_H */
..\bas\mit_motor.c(182): warning:  #1-D: last line of file ends without a newline
  }
..\bas\mit_motor.c: 3 warnings, 0 errors
compiling arm_control.c...
../bas/fdcan_drv.h(66): warning:  #1-D: last line of file ends without a newline
  #endif /* __FDCAN_DRV_H */
../bas/mit_motor.h(89): warning:  #1-D: last line of file ends without a newline
  #endif /* __MIT_MOTOR_H */
../bas/robstride.h(91): warning:  #1-D: last line of file ends without a newline
  #endif /* __ROBSTRIDE_H */
..\user\arm_control.c: 3 warnings, 0 errors
compiling fdcan_drv.c...
..\bas\fdcan_drv.h(66): warning:  #1-D: last line of file ends without a newline
  #endif /* __FDCAN_DRV_H */
..\bas\fdcan_drv.c(404): warning:  #1-D: last line of file ends without a newline
  }
..\bas\fdcan_drv.c: 2 warnings, 0 errors
linking...
Program Size: Code=17652 RO-data=856 RW-data=212 ZI-data=2604  
FromELF: creating hex file...
"25_R2_leg\25_R2_leg.axf" - 0 Error(s), 15 Warning(s).
Build Time Elapsed:  00:00:15
